class RalphCli < Formula
  desc "Deterministic outer loop that runs an AI agent until completion"
  homepage "https://github.com/richclement/ralph-cli"
  version "0.1.0"
  license "MIT"

  on_macos do
    if Hardware::CPU.arm?
      url "https://github.com/richclement/ralph-cli/releases/download/v#{version}/ralph_#{version}_darwin_arm64.tar.gz"
      sha256 "2222222222222222222222222222222222222222222222222222222222222222"
    else
      url "https://github.com/richclement/ralph-cli/releases/download/v#{version}/ralph_#{version}_darwin_amd64.tar.gz"
      sha256 "1111111111111111111111111111111111111111111111111111111111111111"
    end
  end

  on_linux do
    if Hardware::CPU.arm?
      url "https://github.com/richclement/ralph-cli/releases/download/v#{version}/ralph_#{version}_linux_arm64.tar.gz"
      sha256 "4444444444444444444444444444444444444444444444444444444444444444"
    else
      url "https://github.com/richclement/ralph-cli/releases/download/v#{version}/ralph_#{version}_linux_amd64.tar.gz"
      sha256 "3333333333333333333333333333333333333333333333333333333333333333"
    end
  end

  def install
    bin.install "ralph"
  end

  test do
    assert_match version.to_s, shell_output("#{bin}/ralph --version")
  end
end
